// Jest Snapshot v1, https://goo.gl/fbAQLP

exports[`Renderer:Page 1`] = `
<div>
  <div>
    page
  </div>
</div>
`;
